###############################################################################
#
# IAR ELF Linker V9.10.1.308/W64 for ARM                  18/Jun/2021  09:43:34
# Copyright 2007-2021 IAR Systems AB.
#
#    Output file  =
#        C:\workspace\git\TestMircode\Software\Debug\Exe\Test_mircode.out
#    Map file     =
#        C:\workspace\git\TestMircode\Software\Debug\List\Test_mircode.map
#    Command line =
#        -f
#        C:\workspace\git\TestMircode\Software\Debug\Exe\Test_mircode.out.rsp
#        (C:\workspace\git\TestMircode\Software\Debug\Obj\main.o
#        --no_out_extension -o
#        C:\workspace\git\TestMircode\Software\Debug\Exe\Test_mircode.out
#        --redirect _Printf=_PrintfFullNoMb --redirect _Scanf=_ScanfFullNoMb
#        --map
#        C:\workspace\git\TestMircode\Software\Debug\List\Test_mircode.map
#        --config "C:\Program Files\IAR Systems\Embedded Workbench
#        9.0\arm\config\linker\NordicSemi\nrf5281x_xxaa.icf" --semihosting
#        --entry __iar_program_start --vfe --text_out locale)
#
###############################################################################

*******************************************************************************
*** RUNTIME MODEL ATTRIBUTES
***

CppFlavor       = *
__SystemLibrary = DLib
__dlib_version  = 6


*******************************************************************************
*** HEAP SELECTION
***

The basic heap was selected because no calls to memory allocation
functions were found in the application outside of system library
functions, and there are calls to deallocation functions in the
application.


*******************************************************************************
*** PLACEMENT SUMMARY
***

"A0":  place at address 0x0 { ro section .intvec };
"P1":  place in [from 0x0 to 0x2'ffff] { ro };
define block CSTACK with size = 8K, alignment = 8 { };
define block PROC_STACK with size = 0, alignment = 8 { };
define block HEAP with size = 8K, alignment = 8 { };
"P2":  place in [from 0x2000'0000 to 0x2000'1fff repeat 3] {
          rw, block CSTACK, block PROC_STACK, block HEAP };

No sections matched the following patterns:

  rw  in "P2"


  Section   Kind         Address    Size  Object
  -------   ----         -------    ----  ------
"A0":                               0x40
  .intvec   ro code          0x0    0x40  vector_table_M.o [3]
                          - 0x40    0x40

"P1":                              0x40c
  .text     ro code         0x40   0x3a6  main.o [1]
  .text     ro code        0x3e6     0x2  vectortrap_M.o [3]
  .text     ro code        0x3e8    0x1e  cmain.o [3]
  .text     ro code        0x406     0x4  low_level_init.o [2]
  .text     ro code        0x40a     0x4  exit.o [2]
  .text     ro code        0x410     0xa  cexit.o [3]
  .text     ro code        0x41c    0x14  exit.o [4]
  .text     ro code        0x430    0x1c  cstartup_M.o [3]
                         - 0x44c   0x40c

"P2":                             0x2000
  CSTACK             0x2000'0000  0x2000  <Block>
    CSTACK  uninit   0x2000'0000  0x2000  <Block tail>
                   - 0x2000'2000  0x2000

Unused ranges:

         From           To      Size
         ----           --      ----
        0x44c     0x2'ffff  0x2'fbb4
  0x2000'2000  0x2000'3fff    0x2000
  0x2000'4000  0x2000'5fff    0x2000



*******************************************************************************
*** MODULE SUMMARY
***

    Module            ro code  rw data
    ------            -------  -------
command line/config:
    ----------------------------------
    Total:

C:\workspace\git\TestMircode\Software\Debug\Obj: [1]
    main.o                934
    ----------------------------------
    Total:                934

dl7M_tln.a: [2]
    exit.o                  4
    low_level_init.o        4
    ----------------------------------
    Total:                  8

rt7M_tl.a: [3]
    cexit.o                10
    cmain.o                30
    cstartup_M.o           28
    vector_table_M.o       64
    vectortrap_M.o          2
    ----------------------------------
    Total:                134

shb_l.a: [4]
    exit.o                 20
    ----------------------------------
    Total:                 20

    Gaps                    4
    Linker created               8'192
--------------------------------------
    Grand Total:        1'100    8'192


*******************************************************************************
*** ENTRY LIST
***

Entry                     Address  Size  Type      Object
-----                     -------  ----  ----      ------
?main                       0x3e9        Code  Gb  cmain.o [3]
BLE_initialization          0x1bd  0xc8  Code  Lc  main.o [1]
BusFault_Handler            0x3e7        Code  Wk  vectortrap_M.o [3]
CSTACK$$Base          0x2000'0000         --   Gb  - Linker created -
CSTACK$$Limit         0x2000'2000         --   Gb  - Linker created -
DebugMon_Handler            0x3e7        Code  Wk  vectortrap_M.o [3]
HardFault_Handler           0x3e7        Code  Wk  vectortrap_M.o [3]
MemManage_Handler           0x3e7        Code  Wk  vectortrap_M.o [3]
NMI_Handler                 0x3e7        Code  Wk  vectortrap_M.o [3]
PendSV_Handler              0x3e7        Code  Wk  vectortrap_M.o [3]
Region$$Table$$Base           0x0         --   Gb  - Linker created -
Region$$Table$$Limit          0x0         --   Gb  - Linker created -
SVC_Handler                 0x3e7        Code  Wk  vectortrap_M.o [3]
SysTick_Handler             0x3e7        Code  Wk  vectortrap_M.o [3]
UART_initialization         0x10b  0xb2  Code  Lc  main.o [1]
UsageFault_Handler          0x3e7        Code  Wk  vectortrap_M.o [3]
__cmain                     0x3e9        Code  Gb  cmain.o [3]
__exit                      0x41d  0x14  Code  Gb  exit.o [4]
__iar_program_start         0x431        Code  Gb  cstartup_M.o [3]
__low_level_init            0x407   0x4  Code  Gb  low_level_init.o [2]
__vector_table                0x0        Data  Gb  vector_table_M.o [3]
_call_main                  0x3f5        Code  Gb  cmain.o [3]
_exit                       0x411        Code  Gb  cexit.o [3]
bytewise_bitswap            0x2ad  0x36  Code  Lc  main.o [1]
clock_initialization         0x5f  0xac  Code  Lc  main.o [1]
control_AD8233              0x315  0x26  Code  Lc  main.o [1]
error_signal                0x3e5   0x2  Code  Lc  main.o [1]
exit                        0x40b   0x4  Code  Gb  exit.o [2]
give_signal                 0x33b  0x1a  Code  Lc  main.o [1]
initialization_gpio         0x2e3  0x32  Code  Lc  main.o [1]
main                         0x41  0x1e  Code  Gb  main.o [1]
swap_bits                   0x285  0x28  Code  Lc  main.o [1]


[1] = C:\workspace\git\TestMircode\Software\Debug\Obj
[2] = dl7M_tln.a
[3] = rt7M_tl.a
[4] = shb_l.a

  1'100 bytes of readonly  code memory
  8'192 bytes of readwrite data memory

Errors: none
Warnings: none
